Microchip MPLAB XC8 Compiler V2.32

Linker command line:

-W-3 --edf=C:\Program Files\Microchip\xc8\v2.32\pic\dat\en_msgs.txt -cn \
  -h+dist/default/production\TM1637.X.production.sym \
  --cmf=dist/default/production\TM1637.X.production.cmf -z -Q16F1827 \
  -oC:\Users\dexte\AppData\Local\Temp\xcAs84k.4 --defsym=__MPLAB_BUILD=1 \
  -Mdist/default/production/TM1637.X.production.map -E1 -ver=XC8 Compiler \
  --acfsm=1493 -ASTACK=0201Dh-0216Fh -pstack=STACK -ACODE=00h-07FFhx2 \
  -ASTRCODE=00h-0FFFh -ASTRING=00h-0FFhx16 -ACONST=00h-0FFhx16 \
  -AENTRY=00h-0FFhx16 -ACOMMON=070h-07Fh -ABANK0=020h-06Fh \
  -ABANK1=0A0h-0EFh -ABANK2=0120h-016Fh -ABANK3=01A0h-01EFh \
  -ABANK4=0220h-024Fh -ABIGRAM=02000h-0216Fh \
  -ARAM=020h-06Fh,0A0h-0EFh,0120h-016Fh,01A0h-01EFh,0220h-024Fh \
  -AABS1=020h-07Fh,0A0h-0EFh,0120h-016Fh,01A0h-01EFh,0220h-024Fh \
  -ASFR0=00h-01Fh -ASFR1=080h-09Fh -ASFR2=0100h-011Fh -ASFR3=0180h-019Fh \
  -ASFR4=0200h-021Fh -ASFR5=0280h-02EFh -ASFR6=0300h-036Fh \
  -ASFR7=0380h-03EFh -ASFR8=0400h-046Fh -ASFR9=0480h-04EFh \
  -ASFR10=0500h-056Fh -ASFR11=0580h-05EFh -ASFR12=0600h-066Fh \
  -ASFR13=0680h-06EFh -ASFR14=0700h-076Fh -ASFR15=0780h-07EFh \
  -ASFR16=0800h-086Fh -ASFR17=0880h-08EFh -ASFR18=0900h-096Fh \
  -ASFR19=0980h-09EFh -ASFR20=0A00h-0A6Fh -ASFR21=0A80h-0AEFh \
  -ASFR22=0B00h-0B6Fh -ASFR23=0B80h-0BEFh -ASFR24=0C00h-0C6Fh \
  -ASFR25=0C80h-0CEFh -ASFR26=0D00h-0D6Fh -ASFR27=0D80h-0DEFh \
  -ASFR28=0E00h-0E6Fh -ASFR29=0E80h-0EEFh -ASFR30=0F00h-0F6Fh \
  -ASFR31=0F80h-0FEFh -ACONFIG=08007h-08008h -DCONFIG=2 \
  -AIDLOC=08000h-08003h -DIDLOC=2 -AEEDATA=00h-0FFh/0F000h \
  -peeprom_data=EEDATA -DEEDATA=2 -DCODE=2 -DSTRCODE=2 -DSTRING=2 -DCONST=2 \
  -DENTRY=2 -preset_vec=00h,intentry,init,end_init -ppowerup=CODE \
  -pcinit=CODE -pfunctab=ENTRY -k \
  C:\Users\dexte\AppData\Local\Temp\xcAs84k.o \
  dist/default/production\TM1637.X.production.o 

Object code version is 3.11

Machine type is 16F1827



                Name                               Link     Load   Length Selector   Space Scale
C:\Users\dexte\AppData\Local\Temp\xcAs84k.o
                end_init                              2        2        2        0       0
                reset_vec                             0        0        2        0       0
                config                             8007     8007        2        0       4
dist/default/production\TM1637.X.production.o
                cinit                               7EC      7EC       14      FD8       0
                config                             8007     8007        2        0       4
                text19                              663      663        7      CC6       0
                text18                              6D8      6D8       16      DB0       0
                text17                              63C      63C        4      C78       0
                text16                              672      672        A      CE4       0
                text15                              633      633        3      C66       0
                text14                              645      645        6      C8A       0
                text13                              64B      64B        6      C96       0
                text12                              636      636        3      C6C       0
                text11                              651      651        6      CA2       0
                text10                              657      657        6      CAE       0
                text9                               68A      68A       13      D14       0
                text8                               69D      69D       13      D3A       0
                text7                               639      639        3      C72       0
                text6                               640      640        5      C80       0
                text5                               729      729       49      E52       0
                text4                               6EE      6EE       3B      DDC       0
                text3                               6B0      6B0       13      D60       0
                text2                               66A      66A        8      CD4       0
                text1                               6C3      6C3       15      D86       0
                maintext                            772      772       7A      EE4       0
                cstackBANK0                          2E       2E        A       20       1
                cstackCOMMON                         70       70        E       70       1
                inittext                            65D      65D        6      CBA       0
                dataBANK0                            20       20        E       20       1
                bssBANK0                             38       38        5       20       1
                idataBANK0                          67C      67C        E      CF8       0

TOTAL           Name                               Link     Load   Length     Space
        CLASS   STACK          

        CLASS   CODE           
                end_init                              2        2        2         0
                cinit                               7EC      7EC       14         0
                reset_vec                             0        0        2         0
                text19                              663      663        7         0
                text18                              6D8      6D8       16         0
                text17                              63C      63C        4         0
                text16                              672      672        A         0
                text15                              633      633        3         0
                text14                              645      645        6         0
                text13                              64B      64B        6         0
                text12                              636      636        3         0
                text11                              651      651        6         0
                text10                              657      657        6         0
                text9                               68A      68A       13         0
                text8                               69D      69D       13         0
                text7                               639      639        3         0
                text6                               640      640        5         0
                text5                               729      729       49         0
                text4                               6EE      6EE       3B         0
                text3                               6B0      6B0       13         0
                text2                               66A      66A        8         0
                text1                               6C3      6C3       15         0
                maintext                            772      772       7A         0
                inittext                            65D      65D        6         0
                idataBANK0                          67C      67C        E         0

        CLASS   STRCODE        

        CLASS   STRING         

        CLASS   CONST          

        CLASS   ENTRY          

        CLASS   COMMON         
                cstackCOMMON                         70       70        E         1

        CLASS   BANK0          
                cstackBANK0                          2E       2E        A         1
                dataBANK0                            20       20        E         1
                bssBANK0                             38       38        5         1

        CLASS   BANK1          

        CLASS   BANK2          

        CLASS   BANK3          

        CLASS   BANK4          

        CLASS   BIGRAM         

        CLASS   RAM            

        CLASS   ABS1           
                abs_s1                               7E       7E        2         1

        CLASS   SFR0           

        CLASS   SFR1           

        CLASS   SFR2           

        CLASS   SFR3           

        CLASS   SFR4           

        CLASS   SFR5           

        CLASS   SFR6           

        CLASS   SFR7           

        CLASS   SFR8           

        CLASS   SFR9           

        CLASS   SFR10          

        CLASS   SFR11          

        CLASS   SFR12          

        CLASS   SFR13          

        CLASS   SFR14          

        CLASS   SFR15          

        CLASS   SFR16          

        CLASS   SFR17          

        CLASS   SFR18          

        CLASS   SFR19          

        CLASS   SFR20          

        CLASS   SFR21          

        CLASS   SFR22          

        CLASS   SFR23          

        CLASS   SFR24          

        CLASS   SFR25          

        CLASS   SFR26          

        CLASS   SFR27          

        CLASS   SFR28          

        CLASS   SFR29          

        CLASS   SFR30          

        CLASS   SFR31          

        CLASS   CONFIG         
                config                             8007     8007        2         4

        CLASS   IDLOC          

        CLASS   EEDATA         

        CLASS   BANK31         

        CLASS   BANK30         

        CLASS   BANK29         

        CLASS   BANK28         

        CLASS   BANK27         

        CLASS   BANK26         

        CLASS   BANK25         

        CLASS   BANK24         

        CLASS   BANK23         

        CLASS   BANK22         

        CLASS   BANK21         

        CLASS   BANK20         

        CLASS   BANK19         

        CLASS   BANK18         

        CLASS   BANK17         

        CLASS   BANK16         

        CLASS   BANK15         

        CLASS   BANK14         

        CLASS   BANK13         

        CLASS   BANK12         

        CLASS   BANK11         

        CLASS   BANK10         

        CLASS   BANK9          

        CLASS   BANK8          

        CLASS   BANK7          

        CLASS   BANK6          

        CLASS   BANK5          



SEGMENTS        Name                           Load    Length   Top    Selector   Space  Class     Delta

                reset_vec                      000000  000004  000004         0       0  CODE        2
                dataBANK0                      000020  00001D  00003D        20       1  BANK0       1
                cstackCOMMON                   000070  00000E  00007E        70       1  COMMON      1
                text15                         000633  000003  000636       C66       0  CODE        2
                text12                         000636  000003  000639       C6C       0  CODE        2
                text7                          000639  000003  00063C       C72       0  CODE        2
                text17                         00063C  000004  000640       C78       0  CODE        2
                text6                          000640  000005  000645       C80       0  CODE        2
                text14                         000645  000006  00064B       C8A       0  CODE        2
                text13                         00064B  000006  000651       C96       0  CODE        2
                text11                         000651  000006  000657       CA2       0  CODE        2
                text10                         000657  000006  00065D       CAE       0  CODE        2
                inittext                       00065D  000006  000663       CBA       0  CODE        2
                text19                         000663  000007  00066A       CC6       0  CODE        2
                text2                          00066A  000008  000672       CD4       0  CODE        2
                text16                         000672  00000A  00067C       CE4       0  CODE        2
                idataBANK0                     00067C  00000E  00068A       CF8       0  CODE        2
                text9                          00068A  000013  00069D       D14       0  CODE        2
                text8                          00069D  000013  0006B0       D3A       0  CODE        2
                text3                          0006B0  000013  0006C3       D60       0  CODE        2
                text1                          0006C3  000015  0006D8       D86       0  CODE        2
                text18                         0006D8  000016  0006EE       DB0       0  CODE        2
                text4                          0006EE  00003B  000729       DDC       0  CODE        2
                text5                          000729  000049  000772       E52       0  CODE        2
                maintext                       000772  00007A  0007EC       EE4       0  CODE        2
                cinit                          0007EC  000014  000800       FD8       0  CODE        2


UNUSED ADDRESS RANGES

        Name                Unused          Largest block    Delta
        BANK0            0003D-0006F              33           1
        BANK1            000A0-000EF              50           1
        BANK2            00120-0016F              50           1
        BANK3            001A0-001EF              50           1
        BANK4            00220-0024F              30           1
        BIGRAM           02000-0216F             170           1
        CODE             00004-00632             62F           2
                         00800-00FFF             800
        CONST            00004-00632             100           2
                         00800-00FFF             100
        EEDATA           0F000-0F0FF             100           2
        ENTRY            00004-00632             100           2
                         00800-00FFF             100
        IDLOC            08000-08003               4           2
        RAM              0003D-0006F              33           1
                         000A0-000EF              50
                         00120-0016F              50
                         001A0-001EF              50
                         00220-0024F              30
        SFR0             00000-0001F              20           1
        SFR1             00080-0009F              20           1
        SFR10            00500-0056F              70           1
        SFR11            00580-005EF              70           1
        SFR12            00600-0066F              70           1
        SFR13            00680-006EF              70           1
        SFR14            00700-0076F              70           1
        SFR15            00780-007EF              70           1
        SFR16            00800-0086F              70           1
        SFR17            00880-008EF              70           1
        SFR18            00900-0096F              70           1
        SFR19            00980-009EF              70           1
        SFR2             00100-0011F              20           1
        SFR20            00A00-00A6F              70           1
        SFR21            00A80-00AEF              70           1
        SFR22            00B00-00B6F              70           1
        SFR23            00B80-00BEF              70           1
        SFR24            00C00-00C6F              70           1
        SFR25            00C80-00CEF              70           1
        SFR26            00D00-00D6F              70           1
        SFR27            00D80-00DEF              70           1
        SFR28            00E00-00E6F              70           1
        SFR29            00E80-00EEF              70           1
        SFR3             00180-0019F              20           1
        SFR30            00F00-00F6F              70           1
        SFR31            00F80-00FEF              70           1
        SFR4             00200-0021F              20           1
        SFR5             00280-002EF              70           1
        SFR6             00300-0036F              70           1
        SFR7             00380-003EF              70           1
        SFR8             00400-0046F              70           1
        SFR9             00480-004EF              70           1
        STACK            0201D-0216F             153           1
        STRCODE          00004-00632             62F           2
                         00800-00FFF             800
        STRING           00004-00632             100           2
                         00800-00FFF             100

                                  Symbol Table

_ANSELA                          (abs)        0018C
_ANSELB                          (abs)        0018D
_APFCON0                         (abs)        0011D
_APFCON1                         (abs)        0011E
_BORCON                          (abs)        00116
_CLK_SET_HIGH                    text15       00633
_CLK_SET_LOW                     text14       00645
_CLK_SET_OUTPUT                  text13       0064B
_DIO_SET_HIGH                    text12       00636
_DIO_SET_INPUT                   text7        00639
_DIO_SET_LOW                     text11       00651
_DIO_SET_OUTPUT                  text10       00657
_LATA                            (abs)        0010C
_LATB                            (abs)        0010D
_OPTION_REGbits                  (abs)        00095
_OSCCON                          (abs)        00099
_OSCILLATOR_Initialize           text19       00663
_OSCTUNE                         (abs)        00098
_PIN_MANAGER_Initialize          text18       006D8
_PORTAbits                       (abs)        0000C
_SYSTEM_Initialize               text16       00672
_TRISA                           (abs)        0008C
_TRISB                           (abs)        0008D
_WDTCON                          (abs)        00097
_WDT_Initialize                  text17       0063C
_WPUA                            (abs)        0020C
_WPUB                            (abs)        0020D
__Habs1                          abs1         00000
__Hbank0                         bank0        00000
__Hbank1                         bank1        00000
__Hbank10                        bank10       00000
__Hbank11                        bank11       00000
__Hbank12                        bank12       00000
__Hbank13                        bank13       00000
__Hbank14                        bank14       00000
__Hbank15                        bank15       00000
__Hbank16                        bank16       00000
__Hbank17                        bank17       00000
__Hbank18                        bank18       00000
__Hbank19                        bank19       00000
__Hbank2                         bank2        00000
__Hbank20                        bank20       00000
__Hbank21                        bank21       00000
__Hbank22                        bank22       00000
__Hbank23                        bank23       00000
__Hbank24                        bank24       00000
__Hbank25                        bank25       00000
__Hbank26                        bank26       00000
__Hbank27                        bank27       00000
__Hbank28                        bank28       00000
__Hbank29                        bank29       00000
__Hbank3                         bank3        00000
__Hbank30                        bank30       00000
__Hbank31                        bank31       00000
__Hbank4                         bank4        00000
__Hbank5                         bank5        00000
__Hbank6                         bank6        00000
__Hbank7                         bank7        00000
__Hbank8                         bank8        00000
__Hbank9                         bank9        00000
__Hbigram                        bigram       00000
__HbssBANK0                      bssBANK0     00000
__Hcinit                         cinit        00800
__Hclrtext                       clrtext      00000
__Hcode                          code         00000
__Hcommon                        common       00000
__Hconfig                        config       08009
__HcstackBANK0                   cstackBANK0  00000
__HcstackCOMMON                  cstackCOMMON 00000
__HdataBANK0                     dataBANK0    00000
__Heeprom_data                   eeprom_data  00000
__Hend_init                      end_init     00004
__Hfunctab                       functab      00000
__HidataBANK0                    idataBANK0   00000
__Hinit                          init         00002
__Hinittext                      inittext     00000
__Hintentry                      intentry     00002
__Hmaintext                      maintext     00000
__Hpowerup                       powerup      00000
__Hram                           ram          00000
__Hreset_vec                     reset_vec    00002
__Hsfr0                          sfr0         00000
__Hsfr1                          sfr1         00000
__Hsfr10                         sfr10        00000
__Hsfr11                         sfr11        00000
__Hsfr12                         sfr12        00000
__Hsfr13                         sfr13        00000
__Hsfr14                         sfr14        00000
__Hsfr15                         sfr15        00000
__Hsfr16                         sfr16        00000
__Hsfr17                         sfr17        00000
__Hsfr18                         sfr18        00000
__Hsfr19                         sfr19        00000
__Hsfr2                          sfr2         00000
__Hsfr20                         sfr20        00000
__Hsfr21                         sfr21        00000
__Hsfr22                         sfr22        00000
__Hsfr23                         sfr23        00000
__Hsfr24                         sfr24        00000
__Hsfr25                         sfr25        00000
__Hsfr26                         sfr26        00000
__Hsfr27                         sfr27        00000
__Hsfr28                         sfr28        00000
__Hsfr29                         sfr29        00000
__Hsfr3                          sfr3         00000
__Hsfr30                         sfr30        00000
__Hsfr31                         sfr31        00000
__Hsfr4                          sfr4         00000
__Hsfr5                          sfr5         00000
__Hsfr6                          sfr6         00000
__Hsfr7                          sfr7         00000
__Hsfr8                          sfr8         00000
__Hsfr9                          sfr9         00000
__Hspace_0                       (abs)        00800
__Hspace_1                       (abs)        0007E
__Hspace_2                       (abs)        00000
__Hspace_3                       (abs)        00000
__Hspace_4                       (abs)        10010
__Hstack                         stack        00000
__Hstrings                       strings      00000
__Htext                          text         00000
__Labs1                          abs1         00000
__Lbank0                         bank0        00000
__Lbank1                         bank1        00000
__Lbank10                        bank10       00000
__Lbank11                        bank11       00000
__Lbank12                        bank12       00000
__Lbank13                        bank13       00000
__Lbank14                        bank14       00000
__Lbank15                        bank15       00000
__Lbank16                        bank16       00000
__Lbank17                        bank17       00000
__Lbank18                        bank18       00000
__Lbank19                        bank19       00000
__Lbank2                         bank2        00000
__Lbank20                        bank20       00000
__Lbank21                        bank21       00000
__Lbank22                        bank22       00000
__Lbank23                        bank23       00000
__Lbank24                        bank24       00000
__Lbank25                        bank25       00000
__Lbank26                        bank26       00000
__Lbank27                        bank27       00000
__Lbank28                        bank28       00000
__Lbank29                        bank29       00000
__Lbank3                         bank3        00000
__Lbank30                        bank30       00000
__Lbank31                        bank31       00000
__Lbank4                         bank4        00000
__Lbank5                         bank5        00000
__Lbank6                         bank6        00000
__Lbank7                         bank7        00000
__Lbank8                         bank8        00000
__Lbank9                         bank9        00000
__Lbigram                        bigram       00000
__LbssBANK0                      bssBANK0     00000
__Lcinit                         cinit        007EC
__Lclrtext                       clrtext      00000
__Lcode                          code         00000
__Lcommon                        common       00000
__Lconfig                        config       00000
__LcstackBANK0                   cstackBANK0  00000
__LcstackCOMMON                  cstackCOMMON 00000
__LdataBANK0                     dataBANK0    00000
__Leeprom_data                   eeprom_data  00000
__Lend_init                      end_init     00002
__Lfunctab                       functab      00000
__LidataBANK0                    idataBANK0   00000
__Linit                          init         00002
__Linittext                      inittext     00000
__Lintentry                      intentry     00002
__Lmaintext                      maintext     00000
__Lpowerup                       powerup      00000
__Lram                           ram          00000
__Lreset_vec                     reset_vec    00000
__Lsfr0                          sfr0         00000
__Lsfr1                          sfr1         00000
__Lsfr10                         sfr10        00000
__Lsfr11                         sfr11        00000
__Lsfr12                         sfr12        00000
__Lsfr13                         sfr13        00000
__Lsfr14                         sfr14        00000
__Lsfr15                         sfr15        00000
__Lsfr16                         sfr16        00000
__Lsfr17                         sfr17        00000
__Lsfr18                         sfr18        00000
__Lsfr19                         sfr19        00000
__Lsfr2                          sfr2         00000
__Lsfr20                         sfr20        00000
__Lsfr21                         sfr21        00000
__Lsfr22                         sfr22        00000
__Lsfr23                         sfr23        00000
__Lsfr24                         sfr24        00000
__Lsfr25                         sfr25        00000
__Lsfr26                         sfr26        00000
__Lsfr27                         sfr27        00000
__Lsfr28                         sfr28        00000
__Lsfr29                         sfr29        00000
__Lsfr3                          sfr3         00000
__Lsfr30                         sfr30        00000
__Lsfr31                         sfr31        00000
__Lsfr4                          sfr4         00000
__Lsfr5                          sfr5         00000
__Lsfr6                          sfr6         00000
__Lsfr7                          sfr7         00000
__Lsfr8                          sfr8         00000
__Lsfr9                          sfr9         00000
__Lspace_0                       (abs)        00000
__Lspace_1                       (abs)        00000
__Lspace_2                       (abs)        00000
__Lspace_3                       (abs)        00000
__Lspace_4                       (abs)        00000
__Lstack                         stack        00000
__Lstrings                       strings      00000
__Ltext                          text         00000
__S0                             (abs)        00800
__S1                             (abs)        0007E
__S2                             (abs)        00000
__S3                             (abs)        00000
___int_sp                        stack        00000
___latbits                       (abs)        00001
___sp                            stack        00000
___stackhi                       (abs)        0216F
___stacklo                       (abs)        0201D
__end_of_CLK_SET_HIGH            text15       00636
__end_of_CLK_SET_LOW             text14       0064B
__end_of_CLK_SET_OUTPUT          text13       00651
__end_of_DIO_SET_HIGH            text12       00639
__end_of_DIO_SET_INPUT           text7        0063C
__end_of_DIO_SET_LOW             text11       00657
__end_of_DIO_SET_OUTPUT          text10       0065D
__end_of_OSCILLATOR_Initialize   text19       0066A
__end_of_PIN_MANAGER_Initialize  text18       006EE
__end_of_SYSTEM_Initialize       text16       0067C
__end_of_WDT_Initialize          text17       00640
__end_of__initialization         cinit        007FD
__end_of_clear_segment           text3        006C3
__end_of_encode_digit            text2        00672
__end_of_get_DIO_PIN_value       text6        00645
__end_of_main                    maintext     007EC
__end_of_set_brigthness          text1        006D8
__end_of_set_segments            text4        00729
__end_of_start_segment           text9        0069D
__end_of_stop_segment            text8        006B0
__end_of_write_byte              text5        00772
__initialization                 cinit        007EC
__pbssBANK0                      bssBANK0     00038
__pcstackBANK0                   cstackBANK0  0002E
__pcstackCOMMON                  cstackCOMMON 00070
__pdataBANK0                     dataBANK0    00020
__pidataBANK0                    idataBANK0   0067C
__pmaintext                      maintext     00772
__ptext1                         text1        006C3
__ptext10                        text10       00657
__ptext11                        text11       00651
__ptext12                        text12       00636
__ptext13                        text13       0064B
__ptext14                        text14       00645
__ptext15                        text15       00633
__ptext16                        text16       00672
__ptext17                        text17       0063C
__ptext18                        text18       006D8
__ptext19                        text19       00663
__ptext2                         text2        0066A
__ptext3                         text3        006B0
__ptext4                         text4        006EE
__ptext5                         text5        00729
__ptext6                         text6        00640
__ptext7                         text7        00639
__ptext8                         text8        0069D
__ptext9                         text9        0068A
__size_of_CLK_SET_HIGH           (abs)        00000
__size_of_CLK_SET_LOW            (abs)        00000
__size_of_CLK_SET_OUTPUT         (abs)        00000
__size_of_DIO_SET_HIGH           (abs)        00000
__size_of_DIO_SET_INPUT          (abs)        00000
__size_of_DIO_SET_LOW            (abs)        00000
__size_of_DIO_SET_OUTPUT         (abs)        00000
__size_of_OSCILLATOR_Initialize  (abs)        00000
__size_of_PIN_MANAGER_Initialize (abs)        00000
__size_of_SYSTEM_Initialize      (abs)        00000
__size_of_WDT_Initialize         (abs)        00000
__size_of_clear_segment          (abs)        00000
__size_of_encode_digit           (abs)        00000
__size_of_get_DIO_PIN_value      (abs)        00000
__size_of_main                   (abs)        00000
__size_of_set_brigthness         (abs)        00000
__size_of_set_segments           (abs)        00000
__size_of_start_segment          (abs)        00000
__size_of_stop_segment           (abs)        00000
__size_of_write_byte             (abs)        00000
_clear_segment                   text3        006B0
_encode_digit                    text2        0066A
_get_DIO_PIN_value               text6        00640
_m_brightness                    bssBANK0     0003C
_main                            maintext     00772
_segdata                         dataBANK0    00020
_set_brigthness                  text1        006C3
_set_segments                    text4        006EE
_start_segment                   text9        0068A
_stop_segment                    text8        0069D
_write_byte                      text5        00729
btemp                            (abs)        0007E
clear_segment@data               cstackBANK0  0002E
encode_digit@digit               cstackCOMMON 00070
end_of_initialization            cinit        007FD
init_ram                         inittext     0065D
intlevel0                        functab      00000
intlevel1                        functab      00000
intlevel2                        functab      00000
intlevel3                        functab      00000
intlevel4                        functab      00000
intlevel5                        functab      00000
main@F2504                       dataBANK0    0002A
main@data                        cstackBANK0  00033
main@i                           cstackBANK0  00037
main@k                           cstackBANK0  00032
reset_vec                        reset_vec    00000
set_brigthness@brightness        cstackCOMMON 00072
set_brigthness@on                cstackCOMMON 00070
set_segments@k                   cstackCOMMON 0007A
set_segments@length              cstackCOMMON 00076
set_segments@pos                 cstackCOMMON 00077
set_segments@segments            cstackCOMMON 00079
start                            init         00002
start_initialization             cinit        007EC
write_byte@ack                   cstackCOMMON 00073
write_byte@b                     cstackCOMMON 00072
write_byte@data                  cstackCOMMON 00074
write_byte@i                     cstackCOMMON 00075
wtemp0                           (abs)        0007E


MODULE INFORMATION

Module		Function		Class		Link	Load	Size
mcc_generated_files/pin_manager.c
		_PIN_MANAGER_Initialize		CODE           	06D8	0000	22

mcc_generated_files/pin_manager.c estimated size: 22

shared
		__initialization		CODE           	07EC	0000	17

shared estimated size: 17

mcc_generated_files/mcc.c
		_WDT_Initialize		CODE           	063C	0000	4
		_OSCILLATOR_Initialize		CODE           	0663	0000	7
		_SYSTEM_Initialize		CODE           	0672	0000	10

mcc_generated_files/mcc.c estimated size: 21

main.c
		_main          		CODE           	0772	0000	122

main.c estimated size: 122

tm1637.c
		_set_segments  		CODE           	06EE	0000	59
		_set_brigthness		CODE           	06C3	0000	21
		_CLK_SET_LOW   		CODE           	0645	0000	6
		_stop_segment  		CODE           	069D	0000	19
		_CLK_SET_HIGH  		CODE           	0633	0000	3
		_start_segment 		CODE           	068A	0000	19
		_clear_segment 		CODE           	06B0	0000	19
		_encode_digit  		CODE           	066A	0000	8
		_DIO_SET_LOW   		CODE           	0651	0000	6
		_write_byte    		CODE           	0729	0000	73
		_DIO_SET_HIGH  		CODE           	0636	0000	3
		_CLK_SET_OUTPUT		CODE           	064B	0000	6
		_DIO_SET_INPUT 		CODE           	0639	0000	3
		_get_DIO_PIN_value		CODE           	0640	0000	5
		_DIO_SET_OUTPUT		CODE           	0657	0000	6

tm1637.c estimated size: 256

